40 25
S S S S S S S S S S S S S S S S S S S S S S S S S S S S S S S S S S S S S S S S
S M M M M M M M M M M M M M M M M M M M M M M M M M M M M M M M M M M M M M M S
S M M M M S E E M M M M M M M M M M M M M M M M M M M M M M M M M E E S M M M S
S M M M S M S E M M M M M M M M M M M M 1 M M M M M M M M M M M M E S M S M M S
S M M S M - M S M M M 4 M M M M M M M M M M M M M M M M M 4 M M M S M - M S M S
S M M M S M S M M M M M M M M M M M M M M M M M M M M M M M M M M M S M S M M S
S M M M M S M M M M M M M M 2 M M M M M M M M M M M 2 M M M M M M M M S M M M S
S M M M M M M M M M M M M M M M M M M M M M M M M M M M M M M M M M M M M M M S
S M M M M M M M M M M M M M M M M M M M M M M M M M M M M M M M M M M M M M M S
S M M M M M M M M M M M M M M M M 6 M M M M M 6 M M M M M M M M M M M M M M M S
S M M M M M M M M M M M M M M M M M M M M M M M M M M M M M M M M M M M M M M S
S M M M M M M M M M M M M M M M M M M M M M M M M M M M M M M M M M M M M M M S
S M M M M M M M M M 1 M M M M M M M M M 9 M M M M M M M M M M 1 M M M M M M M S
S M M M M M M M M M M M M M M M M M M M M M M M M M M M M M M M M M M M M M M S
S M M M M M M M M M M M M M M M M 6 M M M M M 6 M M M M M M M M M M M M M M M S
S M M M M M M M M M M M M M M M M M M M M M M M M M M M M M M M M M M M M M M S
S M M M M M M M M M M M M M M M M M M M M M M M M M M M M M M M M M M M M M M S
S M M M M M M M M M M M M M M M M M M M M M M M M M M M M M M M M M M M M M M S
S M M M M S E E M M M M M M 2 M M M M M M M M M M M 2 M M M M M M E E S M M M S
S M M M S M S E M M M M M M M M M M M M M M M M M M M M M M M M M E S M S M M S
S M M S M - M S M M M 4 M M M M M M M M M M M M M M M M M 4 M M M S M - M S M S
S M M M S M S M M M M M M M M M M M M M M M M M M M M M M M M M M M S M S M M S
S M M M M S M M M M M M M M M M M M M M 1 M M M M M M M M M M M M M M S M M M S
S M M M M M M M M M M M M M M M M M M M M M M M M M M M M M M M M M M M M M M S
S S S S S S S S S S S S S S S S S S S S S S S S S S S S S S S S S S S S S S S S
